// Jest Snapshot v1, https://goo.gl/fbAQLP

exports[`DEAUIStack synthesizes the way we expect 1`] = `
Object {
  "Outputs": Object {
    "deauigatewayEndpointF7DA938D": Object {
      "Value": Object {
        "Fn::Join": Array [
          "",
          Array [
            "https://",
            Object {
              "Ref": "deauigateway2FAECA3B",
            },
            ".execute-api.us-test-1.",
            Object {
              "Ref": "AWS::URLSuffix",
            },
            "/",
            Object {
              "Ref": "deauigatewayDeploymentStageprodA21032FA",
            },
            "/",
          ],
        ],
      },
    },
  },
  "Parameters": Object {
    "BootstrapVersion": Object {
      "Default": "/cdk-bootstrap/hnb659fds/version",
      "Description": "Version of the CDK Bootstrap resources in this environment, automatically retrieved from SSM Parameter Store. [cdk:skip]",
      "Type": "AWS::SSM::Parameter::Value<String>",
    },
  },
  "Resources": Object {
    "CustomCDKBucketDeployment8693BB64968944B69AAFB0CC9EB8756C81C01536": Object {
      "DependsOn": Array [
        "CustomCDKBucketDeployment8693BB64968944B69AAFB0CC9EB8756CServiceRoleDefaultPolicy88902FDF",
        "CustomCDKBucketDeployment8693BB64968944B69AAFB0CC9EB8756CServiceRole89A01265",
      ],
      "Properties": Object {
        "Code": Object {
          "S3Bucket": Object {
            "Fn::Sub": "cdk-hnb659fds-assets-\${AWS::AccountId}-us-test-1",
          },
          "S3Key": "f98b78092dcdd31f5e6d47489beb5f804d4835ef86a8085d0a2053cb9ae711da.zip",
        },
        "Handler": "index.handler",
        "Layers": Array [
          Object {
            "Ref": "deauiundefinedTestvilledeploymentbucketAwsCliLayer1FA841C6",
          },
        ],
        "Role": Object {
          "Fn::GetAtt": Array [
            "CustomCDKBucketDeployment8693BB64968944B69AAFB0CC9EB8756CServiceRole89A01265",
            "Arn",
          ],
        },
        "Runtime": "python3.7",
        "Timeout": 900,
      },
      "Type": "AWS::Lambda::Function",
    },
    "CustomCDKBucketDeployment8693BB64968944B69AAFB0CC9EB8756CServiceRole89A01265": Object {
      "Properties": Object {
        "AssumeRolePolicyDocument": Object {
          "Statement": Array [
            Object {
              "Action": "sts:AssumeRole",
              "Effect": "Allow",
              "Principal": Object {
                "Service": "lambda.amazonaws.com",
              },
            },
          ],
          "Version": "2012-10-17",
        },
        "ManagedPolicyArns": Array [
          Object {
            "Fn::Join": Array [
              "",
              Array [
                "arn:",
                Object {
                  "Ref": "AWS::Partition",
                },
                ":iam::aws:policy/service-role/AWSLambdaBasicExecutionRole",
              ],
            ],
          },
        ],
      },
      "Type": "AWS::IAM::Role",
    },
    "CustomCDKBucketDeployment8693BB64968944B69AAFB0CC9EB8756CServiceRoleDefaultPolicy88902FDF": Object {
      "Properties": Object {
        "PolicyDocument": Object {
          "Statement": Array [
            Object {
              "Action": Array [
                "s3:GetObject*",
                "s3:GetBucket*",
                "s3:List*",
              ],
              "Effect": "Allow",
              "Resource": Array [
                Object {
                  "Fn::Join": Array [
                    "",
                    Array [
                      "arn:",
                      Object {
                        "Ref": "AWS::Partition",
                      },
                      ":s3:::",
                      Object {
                        "Fn::Sub": "cdk-hnb659fds-assets-\${AWS::AccountId}-us-test-1",
                      },
                    ],
                  ],
                },
                Object {
                  "Fn::Join": Array [
                    "",
                    Array [
                      "arn:",
                      Object {
                        "Ref": "AWS::Partition",
                      },
                      ":s3:::",
                      Object {
                        "Fn::Sub": "cdk-hnb659fds-assets-\${AWS::AccountId}-us-test-1",
                      },
                      "/*",
                    ],
                  ],
                },
              ],
            },
            Object {
              "Action": Array [
                "s3:GetObject*",
                "s3:GetBucket*",
                "s3:List*",
                "s3:DeleteObject*",
                "s3:PutObject",
                "s3:PutObjectLegalHold",
                "s3:PutObjectRetention",
                "s3:PutObjectTagging",
                "s3:PutObjectVersionTagging",
                "s3:Abort*",
              ],
              "Effect": "Allow",
              "Resource": Array [
                Object {
                  "Fn::GetAtt": Array [
                    "deauiundefinedTestvillebucket3658C067",
                    "Arn",
                  ],
                },
                Object {
                  "Fn::Join": Array [
                    "",
                    Array [
                      Object {
                        "Fn::GetAtt": Array [
                          "deauiundefinedTestvillebucket3658C067",
                          "Arn",
                        ],
                      },
                      "/*",
                    ],
                  ],
                },
              ],
            },
          ],
          "Version": "2012-10-17",
        },
        "PolicyName": "CustomCDKBucketDeployment8693BB64968944B69AAFB0CC9EB8756CServiceRoleDefaultPolicy88902FDF",
        "Roles": Array [
          Object {
            "Ref": "CustomCDKBucketDeployment8693BB64968944B69AAFB0CC9EB8756CServiceRole89A01265",
          },
        ],
      },
      "Type": "AWS::IAM::Policy",
    },
    "deauigateway2FAECA3B": Object {
      "Properties": Object {
        "Description": "distribution api",
        "Name": "dea-ui-gateway",
      },
      "Type": "AWS::ApiGateway::RestApi",
    },
    "deauigatewayAccount1E8F08C4": Object {
      "DependsOn": Array [
        "deauigateway2FAECA3B",
      ],
      "Properties": Object {
        "CloudWatchRoleArn": Object {
          "Fn::GetAtt": Array [
            "deauigatewayCloudWatchRole2B409649",
            "Arn",
          ],
        },
      },
      "Type": "AWS::ApiGateway::Account",
    },
    "deauigatewayCloudWatchRole2B409649": Object {
      "Properties": Object {
        "AssumeRolePolicyDocument": Object {
          "Statement": Array [
            Object {
              "Action": "sts:AssumeRole",
              "Effect": "Allow",
              "Principal": Object {
                "Service": "apigateway.amazonaws.com",
              },
            },
          ],
          "Version": "2012-10-17",
        },
        "ManagedPolicyArns": Array [
          Object {
            "Fn::Join": Array [
              "",
              Array [
                "arn:",
                Object {
                  "Ref": "AWS::Partition",
                },
                ":iam::aws:policy/service-role/AmazonAPIGatewayPushToCloudWatchLogs",
              ],
            ],
          },
        ],
      },
      "Type": "AWS::IAM::Role",
    },
    "deauigatewayDeployment2FA9889B05d0d83781709094d923a44b6f6ebc75": Object {
      "DependsOn": Array [
        "deauigatewayproxyGET58346768",
        "deauigatewayproxy7D435F54",
        "deauigatewayGET0F426051",
      ],
      "Properties": Object {
        "Description": "Automatically created by the RestApi construct",
        "RestApiId": Object {
          "Ref": "deauigateway2FAECA3B",
        },
      },
      "Type": "AWS::ApiGateway::Deployment",
    },
    "deauigatewayDeploymentStageprodA21032FA": Object {
      "DependsOn": Array [
        "deauigatewayAccount1E8F08C4",
      ],
      "Properties": Object {
        "DeploymentId": Object {
          "Ref": "deauigatewayDeployment2FA9889B05d0d83781709094d923a44b6f6ebc75",
        },
        "RestApiId": Object {
          "Ref": "deauigateway2FAECA3B",
        },
        "StageName": "prod",
      },
      "Type": "AWS::ApiGateway::Stage",
    },
    "deauigatewayGET0F426051": Object {
      "Properties": Object {
        "AuthorizationType": "NONE",
        "HttpMethod": "GET",
        "Integration": Object {
          "ContentHandling": "CONVERT_TO_TEXT",
          "Credentials": Object {
            "Fn::GetAtt": Array [
              "roleC7B7E775",
              "Arn",
            ],
          },
          "IntegrationHttpMethod": "GET",
          "IntegrationResponses": Array [
            Object {
              "ResponseParameters": Object {
                "method.response.header.Content-Type": "integration.response.header.Content-Type",
              },
              "StatusCode": "200",
            },
          ],
          "PassthroughBehavior": "WHEN_NO_TEMPLATES",
          "RequestParameters": Object {
            "integration.request.header.Accept": "method.request.header.Accept",
            "integration.request.header.Content-Type": "method.request.header.Content-Type",
            "integration.request.path.proxy": "method.request.path.proxy",
          },
          "Type": "AWS",
          "Uri": Object {
            "Fn::Join": Array [
              "",
              Array [
                "arn:",
                Object {
                  "Ref": "AWS::Partition",
                },
                ":apigateway:us-test-1:s3:path/",
                Object {
                  "Ref": "deauiundefinedTestvillebucket3658C067",
                },
                "/index.html",
              ],
            ],
          },
        },
        "MethodResponses": Array [
          Object {
            "ResponseModels": Object {
              "application/json": "Empty",
            },
            "ResponseParameters": Object {
              "method.response.header.Content-Length": true,
              "method.response.header.Content-Type": true,
            },
            "StatusCode": "200",
          },
        ],
        "RequestParameters": Object {
          "method.request.header.Accept": true,
          "method.request.header.Content-Type": true,
          "method.request.path.proxy": true,
        },
        "ResourceId": Object {
          "Fn::GetAtt": Array [
            "deauigateway2FAECA3B",
            "RootResourceId",
          ],
        },
        "RestApiId": Object {
          "Ref": "deauigateway2FAECA3B",
        },
      },
      "Type": "AWS::ApiGateway::Method",
    },
    "deauigatewayproxy7D435F54": Object {
      "Properties": Object {
        "ParentId": Object {
          "Fn::GetAtt": Array [
            "deauigateway2FAECA3B",
            "RootResourceId",
          ],
        },
        "PathPart": "{proxy+}",
        "RestApiId": Object {
          "Ref": "deauigateway2FAECA3B",
        },
      },
      "Type": "AWS::ApiGateway::Resource",
    },
    "deauigatewayproxyGET58346768": Object {
      "Properties": Object {
        "AuthorizationType": "NONE",
        "HttpMethod": "GET",
        "Integration": Object {
          "ContentHandling": "CONVERT_TO_TEXT",
          "Credentials": Object {
            "Fn::GetAtt": Array [
              "roleC7B7E775",
              "Arn",
            ],
          },
          "IntegrationHttpMethod": "GET",
          "IntegrationResponses": Array [
            Object {
              "ResponseParameters": Object {
                "method.response.header.Content-Type": "integration.response.header.Content-Type",
              },
              "StatusCode": "200",
            },
          ],
          "PassthroughBehavior": "WHEN_NO_TEMPLATES",
          "RequestParameters": Object {
            "integration.request.header.Accept": "method.request.header.Accept",
            "integration.request.header.Content-Type": "method.request.header.Content-Type",
            "integration.request.path.proxy": "method.request.path.proxy",
          },
          "Type": "AWS",
          "Uri": Object {
            "Fn::Join": Array [
              "",
              Array [
                "arn:",
                Object {
                  "Ref": "AWS::Partition",
                },
                ":apigateway:us-test-1:s3:path/",
                Object {
                  "Ref": "deauiundefinedTestvillebucket3658C067",
                },
                "/{proxy}",
              ],
            ],
          },
        },
        "MethodResponses": Array [
          Object {
            "ResponseModels": Object {
              "application/json": "Empty",
            },
            "ResponseParameters": Object {
              "method.response.header.Content-Length": true,
              "method.response.header.Content-Type": true,
            },
            "StatusCode": "200",
          },
        ],
        "RequestParameters": Object {
          "method.request.header.Accept": true,
          "method.request.header.Content-Type": true,
          "method.request.path.proxy": true,
        },
        "ResourceId": Object {
          "Ref": "deauigatewayproxy7D435F54",
        },
        "RestApiId": Object {
          "Ref": "deauigateway2FAECA3B",
        },
      },
      "Type": "AWS::ApiGateway::Method",
    },
    "deauiundefinedTestvillebucket3658C067": Object {
      "DeletionPolicy": "Retain",
      "Properties": Object {
        "AccessControl": "Private",
        "PublicAccessBlockConfiguration": Object {
          "BlockPublicAcls": true,
          "BlockPublicPolicy": true,
          "IgnorePublicAcls": true,
          "RestrictPublicBuckets": true,
        },
        "Tags": Array [
          Object {
            "Key": "aws-cdk:cr-owned:e0934a8b",
            "Value": "true",
          },
        ],
        "WebsiteConfiguration": Object {
          "IndexDocument": "index.html",
        },
      },
      "Type": "AWS::S3::Bucket",
      "UpdateReplacePolicy": "Retain",
    },
    "deauiundefinedTestvilledeploymentbucketAwsCliLayer1FA841C6": Object {
      "Properties": Object {
        "Content": Object {
          "S3Bucket": Object {
            "Fn::Sub": "cdk-hnb659fds-assets-\${AWS::AccountId}-us-test-1",
          },
          "S3Key": "b7f327b4415410f319943b754edb274645a9d6850369ae4da9ba209858099210.zip",
        },
        "Description": "/opt/awscli/aws",
      },
      "Type": "AWS::Lambda::LayerVersion",
    },
    "deauiundefinedTestvilledeploymentbucketCustomResourceD120F36E": Object {
      "DeletionPolicy": "Delete",
      "Properties": Object {
        "DestinationBucketName": Object {
          "Ref": "deauiundefinedTestvillebucket3658C067",
        },
        "Prune": true,
        "ServiceToken": Object {
          "Fn::GetAtt": Array [
            "CustomCDKBucketDeployment8693BB64968944B69AAFB0CC9EB8756C81C01536",
            "Arn",
          ],
        },
        "SourceBucketNames": Array [
          Object {
            "Fn::Sub": "cdk-hnb659fds-assets-\${AWS::AccountId}-us-test-1",
          },
        ],
        "SourceObjectKeys": Array [
          "e46176c571be2bfe324f4e35034675a9566452fa61bc1c4ad9f99481bd98a03f.zip",
        ],
      },
      "Type": "Custom::CDKBucketDeployment",
      "UpdateReplacePolicy": "Delete",
    },
    "roleC7B7E775": Object {
      "Properties": Object {
        "AssumeRolePolicyDocument": Object {
          "Statement": Array [
            Object {
              "Action": "sts:AssumeRole",
              "Effect": "Allow",
              "Principal": Object {
                "Service": "apigateway.amazonaws.com",
              },
            },
          ],
          "Version": "2012-10-17",
        },
      },
      "Type": "AWS::IAM::Role",
    },
    "roleDefaultPolicy7C980EBA": Object {
      "Properties": Object {
        "PolicyDocument": Object {
          "Statement": Array [
            Object {
              "Action": Array [
                "s3:GetObject*",
                "s3:GetBucket*",
                "s3:List*",
                "s3:DeleteObject*",
                "s3:PutObject",
                "s3:PutObjectLegalHold",
                "s3:PutObjectRetention",
                "s3:PutObjectTagging",
                "s3:PutObjectVersionTagging",
                "s3:Abort*",
              ],
              "Effect": "Allow",
              "Resource": Array [
                Object {
                  "Fn::GetAtt": Array [
                    "deauiundefinedTestvillebucket3658C067",
                    "Arn",
                  ],
                },
                Object {
                  "Fn::Join": Array [
                    "",
                    Array [
                      Object {
                        "Fn::GetAtt": Array [
                          "deauiundefinedTestvillebucket3658C067",
                          "Arn",
                        ],
                      },
                      "/*",
                    ],
                  ],
                },
              ],
            },
          ],
          "Version": "2012-10-17",
        },
        "PolicyName": "roleDefaultPolicy7C980EBA",
        "Roles": Array [
          Object {
            "Ref": "roleC7B7E775",
          },
        ],
      },
      "Type": "AWS::IAM::Policy",
    },
  },
  "Rules": Object {
    "CheckBootstrapVersion": Object {
      "Assertions": Array [
        Object {
          "Assert": Object {
            "Fn::Not": Array [
              Object {
                "Fn::Contains": Array [
                  Array [
                    "1",
                    "2",
                    "3",
                    "4",
                    "5",
                  ],
                  Object {
                    "Ref": "BootstrapVersion",
                  },
                ],
              },
            ],
          },
          "AssertDescription": "CDK bootstrap stack version 6 required. Please run 'cdk bootstrap' with a recent version of the CDK CLI.",
        },
      ],
    },
  },
}
`;
